logfile opened on Tue Sep 22 17:57:39 2026

----- Client Initialization -----
Couldn't read q3history.
----- Initializing Renderer ----
-------------------------------
QKEY found.
----- Client Initialization Complete -----
----- R_Init -----
SDL using driver "Quartz"
Initializing OpenGL display
Estimated display aspect: 1.333
...setting mode -1: 1024 768
Using 8/8/8 Color bits, 24 depth, 8 stencil display.
Available modes: '640x480 800x600 1024x768 1280x960 1280x1024 1440x900 848x480 1360x768 1024x576 1280x720 1600x900 1920x1080'
GL_RENDERER: ATI Radeon 9200 OpenGL Engine
Initializing OpenGL extensions
...using GL_EXT_texture_compression_s3tc
...using GL_EXT_texture_env_add
...using GL_ARB_multitexture
...using GL_EXT_compiled_vertex_array
...using GL_EXT_texture_filter_anisotropic (max: 16)
Initializing Shaders

GL_VENDOR: ATI Technologies Inc.
GL_RENDERER: ATI Radeon 9200 OpenGL Engine
GL_VERSION: 1.3 ATI-1.4.18
GL_EXTENSIONS: GL_ARB_transpose_matrix GL_ARB_vertex_program GL_ARB_vertex_blend GL_ARB_window_pos GL_ARB_shader_objects GL_ARB_vertex_shader GL_EXT_multi_draw_arrays GL_EXT_clip_volume_hint GL_EXT_rescale_normal GL_EXT_draw_range_elements GL_EXT_fog_coord GL_APPLE_client_storage GL_APPLE_specular_vector GL_APPLE_transform_hint GL_APPLE_packed_pixels GL_APPLE_fence GL_APPLE_vertex_array_object GL_APPLE_vertex_program_evaluators GL_APPLE_element_array GL_APPLE_flush_render GL_NV_texgen_reflection GL_NV_light_max_exponent GL_IBM_rasterpos_clip GL_SGIS_generate_mipmap GL_ARB_shading_language_100 GL_ARB_imaging GL_ARB_texture_env_crossbar GL_ARB_texture_border_clamp GL_ARB_multitexture GL_ARB_texture_env_add GL_ARB_texture_cube_map GL_ARB_texture_env_dot3 GL_ARB_multisample GL_ARB_texture_env_combine GL_ARB_texture_compression GL_ARB_texture_mirrored_repeat GL_ARB_occlusion_query GL_ARB_vertex_buffer_object GL_ARB_pixel_buffer_object GL_EXT_compiled_vertex_array GL_EXT_texture_rectangle GL_ARB_texture_rectangle GL_EXT_texture_env_add GL_EXT_blend_color GL_EXT_blend_minmax GL_EXT_blend_subtract GL_EXT_texture_lod_bias GL_EXT_abgr GL_EXT_bgra GL_EXT_stencil_wrap GL_EXT_texture_filter_anisotropic GL_EXT_separate_specular_color GL_EXT_secondary_color GL_EXT_blend_func_separate GL_EXT_texture_compression_s3tc GL_EXT_texture_compression_dxt1 GL_EXT_blend_equation_separate GL_APPLE_ycbcr_422 GL_APPLE_vertex_array_range GL_APPLE_texture_range GL_APPLE_pixel_buffer GL_NV_blend_square GL_NV_fog_distance GL_ATI_texture_mirror_once GL_ATI_text_fragment_shader GL_ATI_blend_equation_separate GL_ATI_blend_weighted_minmax GL_ATI_texture_env_combine3 GL_ATI_array_rev_comps_in_4_bytes GL_SGIS_texture_edge_clamp GL_SGIS_texture_lod GL_SGI_color_matrix 
GL_MAX_TEXTURE_SIZE: 2048
GL_MAX_TEXTURE_UNITS_ARB: 6

PIXELFORMAT: color(24-bits) Z(24-bit) stencil(8-bits)
MODE: -1, 1024 x 768 fullscreen hz:N/A
GAMMA: hardware w/ 1 overbright bits
rendering primitives: single glDrawElements
texturemode: GL_LINEAR_MIPMAP_NEAREST
picmip: 1
texture bits: 32
multitexture: enabled
compiled vertex arrays: enabled
texenv add: enabled
compressed textures: enabled
----- finished R_Init -----
------ Initializing Sound ------
SDL_Init( SDL_INIT_AUDIO )... OK
SDL audio driver is "coreaudio".
SDL_AudioSpec:
  Format:   AUDIO_S16MSB
  Freq:     22050
  Samples:  512
  Channels: 2
Starting SDL audio callback...
SDL audio initialized.
----- Sound Info -----
    1 stereo
16384 samples
   16 samplebits
    1 submission_chunk
22050 speed
0x3cb1000 dma buffer
No background file.
----------------------
Sound initialization successful.
--------------------------------
Sound memory manager started
Try loading dll file ./ioquake3.app/Contents/MacOS/baseq3/uippc.dylib
Loading DLL file: ./ioquake3.app/Contents/MacOS/baseq3/uippc.dylib
Sys_LoadGameDll(./ioquake3.app/Contents/MacOS/baseq3/uippc.dylib) found vmMain function at 0x3d3a410
35 arenas parsed
32 bots parsed
Altivec support is enabled
--- Common Initialization Complete ---
Hostname: g4-mini-1.lan
IP: 10.188.1.62
Opening IP6 socket: [::]:27960
Opening IP socket: 0.0.0.0:27960
tty console mode disabled
previous mouse acceleration: 0.500000
Demo file: demos/four.dm_68
Current search path:
./ioquake3.app/Contents/MacOS/baseq3
/Applications/Quake3/baseq3
/Applications/Quake3/baseq3/pak8.pk3 (9 files)
/Applications/Quake3/baseq3/pak7.pk3 (4 files)
/Applications/Quake3/baseq3/pak6.pk3 (64 files)
/Applications/Quake3/baseq3/pak5.pk3 (7 files)
/Applications/Quake3/baseq3/pak4.pk3 (272 files)
/Applications/Quake3/baseq3/pak3.pk3 (4 files)
/Applications/Quake3/baseq3/pak2.pk3 (148 files)
/Applications/Quake3/baseq3/pak1.pk3 (26 files)
/Applications/Quake3/baseq3/PAK0.PK3 (3539 files)

handle 1: qconsole.log
handle 2: demos/four.dm_68
----------------------
4073 files in pk3 files
RE_Shutdown( 0 )
Hunk_Clear: reset the hunk ok
----- R_Init -----
Initializing Shaders

GL_VENDOR: ATI Technologies Inc.
GL_RENDERER: ATI Radeon 9200 OpenGL Engine
GL_VERSION: 1.3 ATI-1.4.18
GL_EXTENSIONS: GL_ARB_transpose_matrix GL_ARB_vertex_program GL_ARB_vertex_blend GL_ARB_window_pos GL_ARB_shader_objects GL_ARB_vertex_shader GL_EXT_multi_draw_arrays GL_EXT_clip_volume_hint GL_EXT_rescale_normal GL_EXT_draw_range_elements GL_EXT_fog_coord GL_APPLE_client_storage GL_APPLE_specular_vector GL_APPLE_transform_hint GL_APPLE_packed_pixels GL_APPLE_fence GL_APPLE_vertex_array_object GL_APPLE_vertex_program_evaluators GL_APPLE_element_array GL_APPLE_flush_render GL_NV_texgen_reflection GL_NV_light_max_exponent GL_IBM_rasterpos_clip GL_SGIS_generate_mipmap GL_ARB_shading_language_100 GL_ARB_imaging GL_ARB_texture_env_crossbar GL_ARB_texture_border_clamp GL_ARB_multitexture GL_ARB_texture_env_add GL_ARB_texture_cube_map GL_ARB_texture_env_dot3 GL_ARB_multisample GL_ARB_texture_env_combine GL_ARB_texture_compression GL_ARB_texture_mirrored_repeat GL_ARB_occlusion_query GL_ARB_vertex_buffer_object GL_ARB_pixel_buffer_object GL_EXT_compiled_vertex_array GL_EXT_texture_rectangle GL_ARB_texture_rectangle GL_EXT_texture_env_add GL_EXT_blend_color GL_EXT_blend_minmax GL_EXT_blend_subtract GL_EXT_texture_lod_bias GL_EXT_abgr GL_EXT_bgra GL_EXT_stencil_wrap GL_EXT_texture_filter_anisotropic GL_EXT_separate_specular_color GL_EXT_secondary_color GL_EXT_blend_func_separate GL_EXT_texture_compression_s3tc GL_EXT_texture_compression_dxt1 GL_EXT_blend_equation_separate GL_APPLE_ycbcr_422 GL_APPLE_vertex_array_range GL_APPLE_texture_range GL_APPLE_pixel_buffer GL_NV_blend_square GL_NV_fog_distance GL_ATI_texture_mirror_once GL_ATI_text_fragment_shader GL_ATI_blend_equation_separate GL_ATI_blend_weighted_minmax GL_ATI_texture_env_combine3 GL_ATI_array_rev_comps_in_4_bytes GL_SGIS_texture_edge_clamp GL_SGIS_texture_lod GL_SGI_color_matrix 
GL_MAX_TEXTURE_SIZE: 2048
GL_MAX_TEXTURE_UNITS_ARB: 6

PIXELFORMAT: color(24-bits) Z(24-bit) stencil(8-bits)
MODE: -1, 1024 x 768 fullscreen hz:N/A
GAMMA: hardware w/ 1 overbright bits
rendering primitives: single glDrawElements
texturemode: GL_LINEAR_MIPMAP_NEAREST
picmip: 1
texture bits: 32
multitexture: enabled
compiled vertex arrays: enabled
texenv add: enabled
compressed textures: enabled
----- finished R_Init -----
Try loading dll file ./ioquake3.app/Contents/MacOS/baseq3/uippc.dylib
Loading DLL file: ./ioquake3.app/Contents/MacOS/baseq3/uippc.dylib
Sys_LoadGameDll(./ioquake3.app/Contents/MacOS/baseq3/uippc.dylib) found vmMain function at 0x3d3a410
35 arenas parsed
32 bots parsed
Try loading dll file ./ioquake3.app/Contents/MacOS/baseq3/cgameppc.dylib
Loading DLL file: ./ioquake3.app/Contents/MacOS/baseq3/cgameppc.dylib
Sys_LoadGameDll(./ioquake3.app/Contents/MacOS/baseq3/cgameppc.dylib) found vmMain function at 0x1173fe84
stitched 16 LoD cracks
...loaded 3728 faces, 358 meshes, 180 trisurfs, 52 flares
Failed to load model file models/players/characters/james/lower.md3
CL_InitCGame:  8.69 seconds
80 msec to draw all images
Com_TouchMemory: 0 msec
watchlink: browsing for companion (_q2watch._udp)...
watchlink: no companion found; idling (load a map to retry)
marty^7 almost dodged Thanatar^7's rocket
^2F^7red^2o^7 was gunned down by THEINDIGO^7
Willits^7 ate Asuka^7's rocket
Thanatar^7 was machinegunned by Duffy^7
Asuka^7 almost dodged ^2F^7red^2o^7's rocket
Duffy^7 melted himself.
Trillian^7 was machinegunned by Asuka^7
Thanatar^7 was melted by Willits^7's plasmagun
marty^7 was gunned down by THEINDIGO^7
THEINDIGO^7 almost dodged ^2F^7red^2o^7's rocket
Willits^7 was melted by Asuka^7's plasmagun
Duffy^7 ate ^2F^7red^2o^7's rocket
Trillian^7 was melted by Asuka^7's plasmagun
Asuka^7 was machinegunned by Willits^7
Thanatar^7 was machinegunned by THEINDIGO^7
Willits^7 was machinegunned by Duffy^7
Duffy^7 was machinegunned by Trillian^7
Trillian^7 was melted by marty^7's plasmagun
THEINDIGO^7 almost dodged marty^7's rocket
Trillian^7 was machinegunned by THEINDIGO^7
Willits^7 almost dodged marty^7's rocket
Thanatar^7 melted himself.
Duffy^7 was melted by Willits^7's plasmagun
Willits^7 ate ^2F^7red^2o^7's rocket
^2F^7red^2o^7 was melted by THEINDIGO^7's plasmagun
Thanatar^7 ate Asuka^7's rocket
Asuka^7 blew itself up.
marty^7 blew himself up.
Trillian^7 was machinegunned by marty^7
Thanatar^7 was melted by THEINDIGO^7's plasmagun
Duffy^7 ate Willits^7's rocket
Asuka^7 ate Willits^7's rocket
Willits^7 almost dodged marty^7's rocket
Trillian^7 almost dodged marty^7's rocket
THEINDIGO^7 hit the fraglimit.
marty^7 was melted by THEINDIGO^7's plasmagun
1260 frames 28.1 seconds 44.8 fps 3.0/22.3/259.0/32.0 ms
----- Client Shutdown (Client quit) -----
RE_Shutdown( 1 )
restoring mouse acceleration to: 0.500000
Hunk_Clear: reset the hunk ok
Closing SDL audio device...
SDL audio device shut down.
-----------------------
