ioq3 1.36_GIT_e478d815-2026-09-22 macosx-arm64 Sep 22 2026
----- FS_Startup -----
Current search path:
/Users/matt/Documents/old-mac-quake3/build/rend2-test/baseq3
build/ioquake3-rend2-test.app/Contents/MacOS/baseq3
/Applications/Quake3/baseq3
/Applications/Quake3/baseq3/pak8.pk3 (9 files)
/Applications/Quake3/baseq3/pak7.pk3 (4 files)
/Applications/Quake3/baseq3/pak6.pk3 (64 files)
/Applications/Quake3/baseq3/pak5.pk3 (7 files)
/Applications/Quake3/baseq3/pak4.pk3 (272 files)
/Applications/Quake3/baseq3/pak3.pk3 (4 files)
/Applications/Quake3/baseq3/pak2.pk3 (148 files)
/Applications/Quake3/baseq3/pak1.pk3 (26 files)
/Applications/Quake3/baseq3/pak0.pk3 (3539 files)

----------------------
4073 files in pk3 files
execing default.cfg
execing q3config.cfg
Applying bundled config: autoexec-arm64.cfg
Auto-config: hw.model = Mac17,4
couldn't exec autoexec.cfg
Hunk_Clear: reset the hunk ok
----- Client Initialization -----
logfile opened on Tue Sep 22 18:53:47 2026

Couldn't read q3history.
----- Initializing Renderer ----
-------------------------------
QKEY found.
----- Client Initialization Complete -----
----- R_Init -----
SDL using driver "cocoa"
Initializing OpenGL display
Estimated display aspect: 2.370
...setting mode -2: 2560 1080
Using 8/8/8 Color bits, 24 depth, 8 stencil display.
Available modes: '1280x540 1600x675 1680x709 1920x810 2048x864 2304x972 2560x1080 3008x1269 3200x1350 3360x1418 3840x1620 4096x1728 4608x1944 5120x2160 1504x635 3008x1270 1344x568 1600x676 2880x1600 1368x768 864x486 960x540 1024x576 1280x720 1600x900 1920x1080 2048x1152 2560x1440 3200x1800 3840x2160 4096x2304 840x525 960x600 1280x800 1440x900 1680x1050 1920x1200 2560x1600 720x480 640x480 800x600 1024x768 1152x864 1280x960 1344x1008 1400x1050 1440x1080 1600x1200 1920x1440 2048x1536 1280x1024'
GL_RENDERER: Apple M5
Initializing OpenGL extensions
...ignoring GL_EXT_texture_compression_s3tc
...GL_S3_s3tc not found
...using GL_EXT_texture_env_add
...using GL_ARB_multitexture
...GL_EXT_compiled_vertex_array not found
...using GL_EXT_texture_filter_anisotropic (max: 16)
...using GL_EXT_draw_range_elements
...using GL_EXT_multi_draw_arrays
...using GL_ARB_vertex_program
...using GL_ARB_vertex_buffer_object
...using GL_ARB_shader_objects
...using GL_ARB_vertex_shader
...using GLSL version 1.20
...using GL_ARB_texture_non_power_of_two
...using GL_ARB_texture_float
...using GL_ARB_half_float_pixel
...using GL_EXT_framebuffer_object
...using GL_EXT_packed_depth_stencil
...using GL_ARB_occlusion_query
...using GL_EXT_framebuffer_blit
...using GL_EXT_framebuffer_multisample
...ignoring GL_EXT_texture_sRGB
...GL_EXT_texture_compression_latc not found
...GL_ARB_texture_compression_bptc not found
...using GL_ARB_draw_buffers
...using GL_ARB_depth_clamp
------- FBO_Init -------
^3R_CheckFBO: (_hdrDepth) Unsupported framebuffer format
------- GLSL_InitGPUShaders -------
loaded 178 GLSL shaders (64 gen 96 light 18 etc) in  1.74 seconds
------- R_InitVBOs -------
Initializing Shaders

GL_VENDOR: Apple
GL_RENDERER: Apple M5
GL_VERSION: 2.1 Metal - 90.5
GL_EXTENSIONS: GL_ARB_color_buffer_float GL_ARB_depth_buffer_float GL_ARB_depth_clamp GL_ARB_depth_texture GL_ARB_draw_buffers GL_ARB_draw_elements_base_vertex GL_ARB_draw_instanced GL_ARB_fragment_program GL_ARB_fragment_program_shadow GL_ARB_fragment_shader GL_ARB_framebuffer_object GL_ARB_framebuffer_sRGB GL_ARB_half_float_pixel GL_ARB_half_float_vertex GL_ARB_imaging GL_ARB_instanced_arrays GL_ARB_multisample GL_ARB_multitexture GL_ARB_occlusion_query GL_ARB_pixel_buffer_object GL_ARB_point_parameters GL_ARB_point_sprite GL_ARB_provoking_vertex GL_ARB_seamless_cube_map GL_ARB_shader_objects GL_ARB_shader_texture_lod GL_ARB_shading_language_100 GL_ARB_shadow GL_ARB_shadow_ambient GL_ARB_sync GL_ARB_texture_border_clamp GL_ARB_texture_compression GL_ARB_texture_compression_rgtc GL_ARB_texture_cube_map GL_ARB_texture_env_add GL_ARB_texture_env_combine GL_ARB_texture_env_crossbar GL_ARB_texture_env_dot3 GL_ARB_texture_float GL_ARB_texture_mirrored_repeat GL_ARB_texture_non_power_of_two GL_ARB_texture_rectangle GL_ARB_texture_rg GL_ARB_transpose_matrix GL_ARB_vertex_array_bgra GL_ARB_vertex_blend GL_ARB_vertex_buffer_object GL_ARB_vertex_program GL_ARB_vertex_shader GL_ARB_window_pos GL_EXT_abgr GL_EXT_bgra GL_EXT_bindable_uniform GL_EXT_blend_color GL_EXT_blend_equation_separate GL_EXT_blend_func_separate GL_EXT_blend_minmax GL_EXT_blend_subtract GL_EXT_clip_volume_hint GL_EXT_debug_label GL_EXT_debug_marker GL_EXT_draw_buffers2 GL_EXT_draw_range_elements GL_EXT_fog_coord GL_EXT_framebuffer_blit GL_EXT_framebuffer_multisample GL_EXT_framebuffer_multisample_blit_scaled GL_EXT_framebuffer_object GL_EXT_framebuffer_sRGB GL_EXT_geometry_shader4 GL_EXT_gpu_program_parameters GL_EXT_gpu_shader4 GL_EXT_multi_draw_arrays GL_EXT_packed_depth_stencil GL_EXT_packed_float GL_EXT_provoking_vertex GL_EXT_rescale_normal GL_EXT_secondary_color GL_EXT_separate_specular_color GL_EXT_shadow_funcs GL_EXT_stencil_two_side GL_EXT_stencil_wrap GL_EXT_texture_array GL_EXT_texture_compression_dxt1 GL_EXT_texture_compression_s3tc GL_EXT_texture_env_add GL_EXT_texture_filter_anisotropic GL_EXT_texture_integer GL_EXT_texture_lod_bias GL_EXT_texture_rectangle GL_EXT_texture_shared_exponent GL_EXT_texture_sRGB GL_EXT_texture_sRGB_decode GL_EXT_timer_query GL_EXT_transform_feedback GL_EXT_vertex_array_bgra GL_APPLE_aux_depth_stencil GL_APPLE_client_storage GL_APPLE_element_array GL_APPLE_fence GL_APPLE_float_pixels GL_APPLE_flush_buffer_range GL_APPLE_flush_render GL_APPLE_packed_pixels GL_APPLE_pixel_buffer GL_APPLE_rgb_422 GL_APPLE_row_bytes GL_APPLE_specular_vector GL_APPLE_texture_range GL_APPLE_transform_hint GL_APPLE_vertex_array_object GL_APPLE_vertex_point_size GL_APPLE_vertex_program_evaluators GL_APPLE_ycbcr_422 GL_ATI_separate_stencil GL_ATI_texture_env_combine3 GL_ATI_texture_float GL_IBM_rasterpos_clip GL_NV_blend_square GL_NV_conditional_render GL_NV_depth_clamp GL_NV_fog_distance GL_NV_fragment_program_option GL_NV_fragment_program2 GL_NV_light_max_exponent GL_NV_texgen_reflection GL_NV_texture_barrier GL_NV_vertex_program2_option GL_NV_vertex_program3 GL_SGI_color_matrix GL_SGIS_generate_mipmap GL_SGIS_texture_edge_clamp GL_SGIS_texture_lod 
GL_MAX_TEXTURE_SIZE: 16384
GL_MAX_TEXTURE_UNITS_ARB: 8

PIXELFORMAT: color(24-bits) Z(24-bit) stencil(8-bits)
MODE: -2, 2560 x 1080 fullscreen hz:N/A
GAMMA: hardware w/ 0 overbright bits
texturemode: GL_LINEAR_MIPMAP_LINEAR
picmip: 0
texture bits: 32
multitexture: enabled
compiled vertex arrays: disabled
texenv add: enabled
compressed textures: disabled
----- finished R_Init -----
------ Initializing Sound ------
SDL_Init( SDL_INIT_AUDIO )... OK
SDL audio driver is "coreaudio".
SDL_AudioSpec:
  Format:   AUDIO_S16LSB
  Freq:     22050
  Samples:  512
  Channels: 2
Starting SDL audio callback...
SDL audio initialized.
----- Sound Info -----
    1 stereo
16384 samples
   16 samplebits
    1 submission_chunk
22050 speed
0xa9547c000 dma buffer
No background file.
----------------------
Sound initialization successful.
--------------------------------
Sound memory manager started
Try loading dll file build/ioquake3-rend2-test.app/Contents/MacOS/baseq3/uiarm64.dylib
Loading DLL file: build/ioquake3-rend2-test.app/Contents/MacOS/baseq3/uiarm64.dylib
Sys_LoadGameDll(build/ioquake3-rend2-test.app/Contents/MacOS/baseq3/uiarm64.dylib) found vmMain function at 0x12d0b46c0
35 arenas parsed
32 bots parsed
--- Common Initialization Complete ---
Hostname: Hayleys-Air.lan
IP: 10.188.1.103
Opening IP6 socket: [::]:27960
Opening IP socket: 0.0.0.0:27960
tty console mode disabled
previous mouse acceleration: 1.500000
Demo file: demos/four.dm_68
----- FS_Startup -----
Current search path:
/Users/matt/Documents/old-mac-quake3/build/rend2-test/baseq3
build/ioquake3-rend2-test.app/Contents/MacOS/baseq3
/Applications/Quake3/baseq3
/Applications/Quake3/baseq3/pak8.pk3 (9 files)
/Applications/Quake3/baseq3/pak7.pk3 (4 files)
/Applications/Quake3/baseq3/pak6.pk3 (64 files)
/Applications/Quake3/baseq3/pak5.pk3 (7 files)
/Applications/Quake3/baseq3/pak4.pk3 (272 files)
/Applications/Quake3/baseq3/pak3.pk3 (4 files)
/Applications/Quake3/baseq3/pak2.pk3 (148 files)
/Applications/Quake3/baseq3/pak1.pk3 (26 files)
/Applications/Quake3/baseq3/pak0.pk3 (3539 files)

handle 1: qconsole.log
handle 2: demos/four.dm_68
----------------------
4073 files in pk3 files
RE_Shutdown( 0 )
------- FBO_Shutdown -------
------- R_ShutdownVBOs -------
------- GLSL_ShutdownGPUShaders -------
Hunk_Clear: reset the hunk ok
----- R_Init -----
------- FBO_Init -------
^3R_CheckFBO: (_hdrDepth) Unsupported framebuffer format
------- GLSL_InitGPUShaders -------
loaded 178 GLSL shaders (64 gen 96 light 18 etc) in  0.29 seconds
------- R_InitVBOs -------
Initializing Shaders

GL_VENDOR: Apple
GL_RENDERER: Apple M5
GL_VERSION: 2.1 Metal - 90.5
GL_EXTENSIONS: GL_ARB_color_buffer_float GL_ARB_depth_buffer_float GL_ARB_depth_clamp GL_ARB_depth_texture GL_ARB_draw_buffers GL_ARB_draw_elements_base_vertex GL_ARB_draw_instanced GL_ARB_fragment_program GL_ARB_fragment_program_shadow GL_ARB_fragment_shader GL_ARB_framebuffer_object GL_ARB_framebuffer_sRGB GL_ARB_half_float_pixel GL_ARB_half_float_vertex GL_ARB_imaging GL_ARB_instanced_arrays GL_ARB_multisample GL_ARB_multitexture GL_ARB_occlusion_query GL_ARB_pixel_buffer_object GL_ARB_point_parameters GL_ARB_point_sprite GL_ARB_provoking_vertex GL_ARB_seamless_cube_map GL_ARB_shader_objects GL_ARB_shader_texture_lod GL_ARB_shading_language_100 GL_ARB_shadow GL_ARB_shadow_ambient GL_ARB_sync GL_ARB_texture_border_clamp GL_ARB_texture_compression GL_ARB_texture_compression_rgtc GL_ARB_texture_cube_map GL_ARB_texture_env_add GL_ARB_texture_env_combine GL_ARB_texture_env_crossbar GL_ARB_texture_env_dot3 GL_ARB_texture_float GL_ARB_texture_mirrored_repeat GL_ARB_texture_non_power_of_two GL_ARB_texture_rectangle GL_ARB_texture_rg GL_ARB_transpose_matrix GL_ARB_vertex_array_bgra GL_ARB_vertex_blend GL_ARB_vertex_buffer_object GL_ARB_vertex_program GL_ARB_vertex_shader GL_ARB_window_pos GL_EXT_abgr GL_EXT_bgra GL_EXT_bindable_uniform GL_EXT_blend_color GL_EXT_blend_equation_separate GL_EXT_blend_func_separate GL_EXT_blend_minmax GL_EXT_blend_subtract GL_EXT_clip_volume_hint GL_EXT_debug_label GL_EXT_debug_marker GL_EXT_draw_buffers2 GL_EXT_draw_range_elements GL_EXT_fog_coord GL_EXT_framebuffer_blit GL_EXT_framebuffer_multisample GL_EXT_framebuffer_multisample_blit_scaled GL_EXT_framebuffer_object GL_EXT_framebuffer_sRGB GL_EXT_geometry_shader4 GL_EXT_gpu_program_parameters GL_EXT_gpu_shader4 GL_EXT_multi_draw_arrays GL_EXT_packed_depth_stencil GL_EXT_packed_float GL_EXT_provoking_vertex GL_EXT_rescale_normal GL_EXT_secondary_color GL_EXT_separate_specular_color GL_EXT_shadow_funcs GL_EXT_stencil_two_side GL_EXT_stencil_wrap GL_EXT_texture_array GL_EXT_texture_compression_dxt1 GL_EXT_texture_compression_s3tc GL_EXT_texture_env_add GL_EXT_texture_filter_anisotropic GL_EXT_texture_integer GL_EXT_texture_lod_bias GL_EXT_texture_rectangle GL_EXT_texture_shared_exponent GL_EXT_texture_sRGB GL_EXT_texture_sRGB_decode GL_EXT_timer_query GL_EXT_transform_feedback GL_EXT_vertex_array_bgra GL_APPLE_aux_depth_stencil GL_APPLE_client_storage GL_APPLE_element_array GL_APPLE_fence GL_APPLE_float_pixels GL_APPLE_flush_buffer_range GL_APPLE_flush_render GL_APPLE_packed_pixels GL_APPLE_pixel_buffer GL_APPLE_rgb_422 GL_APPLE_row_bytes GL_APPLE_specular_vector GL_APPLE_texture_range GL_APPLE_transform_hint GL_APPLE_vertex_array_object GL_APPLE_vertex_point_size GL_APPLE_vertex_program_evaluators GL_APPLE_ycbcr_422 GL_ATI_separate_stencil GL_ATI_texture_env_combine3 GL_ATI_texture_float GL_IBM_rasterpos_clip GL_NV_blend_square GL_NV_conditional_render GL_NV_depth_clamp GL_NV_fog_distance GL_NV_fragment_program_option GL_NV_fragment_program2 GL_NV_light_max_exponent GL_NV_texgen_reflection GL_NV_texture_barrier GL_NV_vertex_program2_option GL_NV_vertex_program3 GL_SGI_color_matrix GL_SGIS_generate_mipmap GL_SGIS_texture_edge_clamp GL_SGIS_texture_lod 
GL_MAX_TEXTURE_SIZE: 16384
GL_MAX_TEXTURE_UNITS_ARB: 8

PIXELFORMAT: color(24-bits) Z(24-bit) stencil(8-bits)
MODE: -2, 2560 x 1080 fullscreen hz:N/A
GAMMA: hardware w/ 0 overbright bits
texturemode: GL_LINEAR_MIPMAP_LINEAR
picmip: 0
texture bits: 32
multitexture: enabled
compiled vertex arrays: disabled
texenv add: enabled
compressed textures: disabled
----- finished R_Init -----
Try loading dll file build/ioquake3-rend2-test.app/Contents/MacOS/baseq3/uiarm64.dylib
Loading DLL file: build/ioquake3-rend2-test.app/Contents/MacOS/baseq3/uiarm64.dylib
Sys_LoadGameDll(build/ioquake3-rend2-test.app/Contents/MacOS/baseq3/uiarm64.dylib) found vmMain function at 0x12d0b46c0
35 arenas parsed
32 bots parsed
Try loading dll file build/ioquake3-rend2-test.app/Contents/MacOS/baseq3/cgamearm64.dylib
Loading DLL file: build/ioquake3-rend2-test.app/Contents/MacOS/baseq3/cgamearm64.dylib
Sys_LoadGameDll(build/ioquake3-rend2-test.app/Contents/MacOS/baseq3/cgamearm64.dylib) found vmMain function at 0x12dd7c6d0
stitched 0 LoD cracks
...loaded 3728 faces, 358 meshes, 180 trisurfs, 52 flares
...calculating world VBO ( 36560 verts 28809 tris )
world VBO calculation time =  0.00 seconds
Processed 4318 surfaces into 843 merged, 1739 unmerged in  0.02 seconds
Failed to load model file models/players/characters/james/lower.md3
CL_InitCGame:  0.94 seconds
101 msec to draw all images
Com_TouchMemory: 0 msec
marty^7 almost dodged Thanatar^7's rocket
^2F^7red^2o^7 was gunned down by THEINDIGO^7
Willits^7 ate Asuka^7's rocket
Thanatar^7 was machinegunned by Duffy^7
Asuka^7 almost dodged ^2F^7red^2o^7's rocket
Duffy^7 melted himself.
Trillian^7 was machinegunned by Asuka^7
Thanatar^7 was melted by Willits^7's plasmagun
marty^7 was gunned down by THEINDIGO^7
THEINDIGO^7 almost dodged ^2F^7red^2o^7's rocket
Willits^7 was melted by Asuka^7's plasmagun
Duffy^7 ate ^2F^7red^2o^7's rocket
Trillian^7 was melted by Asuka^7's plasmagun
Asuka^7 was machinegunned by Willits^7
Thanatar^7 was machinegunned by THEINDIGO^7
Willits^7 was machinegunned by Duffy^7
Duffy^7 was machinegunned by Trillian^7
Trillian^7 was melted by marty^7's plasmagun
THEINDIGO^7 almost dodged marty^7's rocket
Trillian^7 was machinegunned by THEINDIGO^7
Willits^7 almost dodged marty^7's rocket
Thanatar^7 melted himself.
Duffy^7 was melted by Willits^7's plasmagun
Willits^7 ate ^2F^7red^2o^7's rocket
^2F^7red^2o^7 was melted by THEINDIGO^7's plasmagun
Thanatar^7 ate Asuka^7's rocket
Asuka^7 blew itself up.
marty^7 blew himself up.
Trillian^7 was machinegunned by marty^7
Thanatar^7 was melted by THEINDIGO^7's plasmagun
Duffy^7 ate Willits^7's rocket
Asuka^7 ate Willits^7's rocket
Willits^7 almost dodged marty^7's rocket
Trillian^7 almost dodged marty^7's rocket
THEINDIGO^7 hit the fraglimit.
marty^7 was melted by THEINDIGO^7's plasmagun
1260 frames 15.2 seconds 82.9 fps 6.0/12.1/42.0/3.5 ms
----- Client Shutdown (Client quit) -----
RE_Shutdown( 1 )
------- FBO_Shutdown -------
------- R_ShutdownVBOs -------
------- GLSL_ShutdownGPUShaders -------
restoring mouse acceleration to: 1.500000
Hunk_Clear: reset the hunk ok
Closing SDL audio device...
SDL audio device shut down.
-----------------------
