logfile opened on Tue Sep 22 18:15:01 2026

----- Client Initialization -----
Couldn't read q3history.
----- Initializing Renderer ----
-------------------------------
QKEY found.
----- Client Initialization Complete -----
----- R_Init -----
SDL using driver "Quartz"
Initializing OpenGL display
Estimated display aspect: 1.333
...setting mode -1: 800 600
Using 4/4/4 Color bits, 16 depth, 8 stencil display.
Available modes: '640x480 800x600 1024x768 1280x960 1344x1008 1600x1200 1920x1440 1152x870 1280x1024 1920x1080'
GL_RENDERER: ATI Rage 128 OpenGL Engine
Initializing OpenGL extensions
...GL_EXT_texture_compression_s3tc not found
...GL_S3_s3tc not found
...using GL_EXT_texture_env_add
...using GL_ARB_multitexture
...using GL_EXT_compiled_vertex_array
...GL_EXT_texture_filter_anisotropic not found
Initializing Shaders

GL_VENDOR: ATI Technologies Inc.
GL_RENDERER: ATI Rage 128 OpenGL Engine
GL_VERSION: 1.1 ATI-1.3.28
GL_EXTENSIONS: GL_ARB_transpose_matrix GL_ARB_vertex_program GL_ARB_vertex_blend GL_ARB_window_pos GL_ARB_shader_objects GL_ARB_vertex_shader GL_ARB_fragment_shader GL_EXT_multi_draw_arrays GL_EXT_clip_volume_hint GL_EXT_rescale_normal GL_EXT_draw_range_elements GL_EXT_fog_coord GL_APPLE_client_storage GL_APPLE_specular_vector GL_APPLE_transform_hint GL_APPLE_packed_pixels GL_APPLE_fence GL_APPLE_vertex_array_object GL_APPLE_vertex_program_evaluators GL_APPLE_element_array GL_APPLE_flush_render GL_NV_texgen_reflection GL_NV_light_max_exponent GL_IBM_rasterpos_clip GL_SGIS_generate_mipmap GL_ARB_multitexture GL_ARB_texture_env_add GL_ARB_texture_env_combine GL_EXT_compiled_vertex_array GL_EXT_texture_env_add GL_EXT_texture_lod_bias GL_EXT_abgr GL_EXT_bgra GL_EXT_secondary_color GL_APPLE_ycbcr_422 GL_APPLE_pixel_buffer GL_SGIS_texture_edge_clamp GL_SGI_color_matrix 
GL_MAX_TEXTURE_SIZE: 1024
GL_MAX_TEXTURE_UNITS_ARB: 2

PIXELFORMAT: color(16-bits) Z(16-bit) stencil(8-bits)
MODE: -1, 800 x 600 fullscreen hz:N/A
GAMMA: hardware w/ 1 overbright bits
rendering primitives: single glDrawElements
texturemode: GL_LINEAR_MIPMAP_LINEAR
picmip: 1
texture bits: 16
multitexture: enabled
compiled vertex arrays: enabled
texenv add: enabled
compressed textures: disabled
----- finished R_Init -----
------ Initializing Sound ------
SDL_Init( SDL_INIT_AUDIO )... OK
SDL audio driver is "coreaudio".
SDL_AudioSpec:
  Format:   AUDIO_S16MSB
  Freq:     11025
  Samples:  256
  Channels: 2
Starting SDL audio callback...
SDL audio initialized.
----- Sound Info -----
    1 stereo
 8192 samples
   16 samplebits
    1 submission_chunk
11025 speed
0xed7b000 dma buffer
No background file.
----------------------
Sound initialization successful.
--------------------------------
Sound memory manager started
Try loading dll file ./ioquake3.app/Contents/MacOS/baseq3/uippc.dylib
Loading DLL file: ./ioquake3.app/Contents/MacOS/baseq3/uippc.dylib
Sys_LoadGameDll(./ioquake3.app/Contents/MacOS/baseq3/uippc.dylib) found vmMain function at 0x1095a610
35 arenas parsed
32 bots parsed
Altivec support is disabled
--- Common Initialization Complete ---
Hostname: macs-Computer.lan
IP: 10.188.1.128
Opening IP6 socket: [::]:27960
Opening IP socket: 0.0.0.0:27960
tty console mode disabled
previous mouse acceleration: 1.000000
Demo file: demos/four.dm_68
Current search path:
./ioquake3.app/Contents/MacOS/baseq3
/Applications/Quake3/baseq3
/Applications/Quake3/baseq3/pak8.pk3 (9 files)
/Applications/Quake3/baseq3/pak7.pk3 (4 files)
/Applications/Quake3/baseq3/pak6.pk3 (64 files)
/Applications/Quake3/baseq3/pak5.pk3 (7 files)
/Applications/Quake3/baseq3/pak4.pk3 (272 files)
/Applications/Quake3/baseq3/pak3.pk3 (4 files)
/Applications/Quake3/baseq3/pak2.pk3 (148 files)
/Applications/Quake3/baseq3/pak1.pk3 (26 files)
/Applications/Quake3/baseq3/pak0.pk3 (3539 files)

handle 1: qconsole.log
handle 2: demos/four.dm_68
----------------------
4073 files in pk3 files
RE_Shutdown( 0 )
Hunk_Clear: reset the hunk ok
----- R_Init -----
Initializing Shaders

GL_VENDOR: ATI Technologies Inc.
GL_RENDERER: ATI Rage 128 OpenGL Engine
GL_VERSION: 1.1 ATI-1.3.28
GL_EXTENSIONS: GL_ARB_transpose_matrix GL_ARB_vertex_program GL_ARB_vertex_blend GL_ARB_window_pos GL_ARB_shader_objects GL_ARB_vertex_shader GL_ARB_fragment_shader GL_EXT_multi_draw_arrays GL_EXT_clip_volume_hint GL_EXT_rescale_normal GL_EXT_draw_range_elements GL_EXT_fog_coord GL_APPLE_client_storage GL_APPLE_specular_vector GL_APPLE_transform_hint GL_APPLE_packed_pixels GL_APPLE_fence GL_APPLE_vertex_array_object GL_APPLE_vertex_program_evaluators GL_APPLE_element_array GL_APPLE_flush_render GL_NV_texgen_reflection GL_NV_light_max_exponent GL_IBM_rasterpos_clip GL_SGIS_generate_mipmap GL_ARB_multitexture GL_ARB_texture_env_add GL_ARB_texture_env_combine GL_EXT_compiled_vertex_array GL_EXT_texture_env_add GL_EXT_texture_lod_bias GL_EXT_abgr GL_EXT_bgra GL_EXT_secondary_color GL_APPLE_ycbcr_422 GL_APPLE_pixel_buffer GL_SGIS_texture_edge_clamp GL_SGI_color_matrix 
GL_MAX_TEXTURE_SIZE: 1024
GL_MAX_TEXTURE_UNITS_ARB: 2

PIXELFORMAT: color(16-bits) Z(16-bit) stencil(8-bits)
MODE: -1, 800 x 600 fullscreen hz:N/A
GAMMA: hardware w/ 1 overbright bits
rendering primitives: single glDrawElements
texturemode: GL_LINEAR_MIPMAP_LINEAR
picmip: 1
texture bits: 16
multitexture: enabled
compiled vertex arrays: enabled
texenv add: enabled
compressed textures: disabled
----- finished R_Init -----
Try loading dll file ./ioquake3.app/Contents/MacOS/baseq3/uippc.dylib
Loading DLL file: ./ioquake3.app/Contents/MacOS/baseq3/uippc.dylib
Sys_LoadGameDll(./ioquake3.app/Contents/MacOS/baseq3/uippc.dylib) found vmMain function at 0x1095a610
35 arenas parsed
32 bots parsed
Try loading dll file ./ioquake3.app/Contents/MacOS/baseq3/cgameppc.dylib
Loading DLL file: ./ioquake3.app/Contents/MacOS/baseq3/cgameppc.dylib
Sys_LoadGameDll(./ioquake3.app/Contents/MacOS/baseq3/cgameppc.dylib) found vmMain function at 0x10b33134
stitched 8 LoD cracks
...loaded 3728 faces, 358 meshes, 180 trisurfs, 52 flares
Failed to load model file models/players/characters/james/lower.md3
CL_InitCGame:  9.96 seconds
1639 msec to draw all images
Com_TouchMemory: 0 msec
watchlink: browsing for companion (_q2watch._udp)...
watchlink: no companion found; idling (load a map to retry)
marty^7 almost dodged Thanatar^7's rocket
^2F^7red^2o^7 was gunned down by THEINDIGO^7
Willits^7 ate Asuka^7's rocket
Thanatar^7 was machinegunned by Duffy^7
Asuka^7 almost dodged ^2F^7red^2o^7's rocket
Duffy^7 melted himself.
Trillian^7 was machinegunned by Asuka^7
Thanatar^7 was melted by Willits^7's plasmagun
marty^7 was gunned down by THEINDIGO^7
THEINDIGO^7 almost dodged ^2F^7red^2o^7's rocket
Willits^7 was melted by Asuka^7's plasmagun
Duffy^7 ate ^2F^7red^2o^7's rocket
Trillian^7 was melted by Asuka^7's plasmagun
Asuka^7 was machinegunned by Willits^7
Thanatar^7 was machinegunned by THEINDIGO^7
Willits^7 was machinegunned by Duffy^7
Duffy^7 was machinegunned by Trillian^7
Trillian^7 was melted by marty^7's plasmagun
THEINDIGO^7 almost dodged marty^7's rocket
Trillian^7 was machinegunned by THEINDIGO^7
Willits^7 almost dodged marty^7's rocket
Thanatar^7 melted himself.
Duffy^7 was melted by Willits^7's plasmagun
Willits^7 ate ^2F^7red^2o^7's rocket
^2F^7red^2o^7 was melted by THEINDIGO^7's plasmagun
Thanatar^7 ate Asuka^7's rocket
Asuka^7 blew itself up.
marty^7 blew himself up.
Trillian^7 was machinegunned by marty^7
Thanatar^7 was melted by THEINDIGO^7's plasmagun
Duffy^7 ate Willits^7's rocket
Asuka^7 ate Willits^7's rocket
Willits^7 almost dodged marty^7's rocket
Trillian^7 almost dodged marty^7's rocket
THEINDIGO^7 hit the fraglimit.
marty^7 was melted by THEINDIGO^7's plasmagun
1260 frames 48.3 seconds 26.1 fps 8.0/38.3/179.0/21.0 ms
----- Client Shutdown (Client quit) -----
RE_Shutdown( 1 )
restoring mouse acceleration to: 1.000000
Hunk_Clear: reset the hunk ok
Closing SDL audio device...
SDL audio device shut down.
-----------------------
